Γû▓ Next.js 16.2.1 (Turbopack)

  Creating an optimized production build ...
Γ£ô Compiled successfully in 3.4s
  Running TypeScript ...
node.exe : Failed to type 
check.
At line:1 char:1
+ & "C:\Program 
Files\nodejs/node.exe" 
"C:\Program 
Files\nodejs/node_mo ...
+ ~~~~~~~~~~~~~~~~~~~~~~~~
~~~~~~~~~~~~~~~~~~~~~~~~~~
~~~~~~~~~~~~~~~~~~~
    + CategoryInfo        
      : NotSpecified: (F  
  ailed to type check.:   
 String) [], RemoteExc    
eption
    + FullyQualifiedError 
   Id : NativeCommandErr  
  or
 

./src/components/architect
ure/ArchSection.tsx:61:10
Type error: Type '{ 
children: Element[]; 
style: { position: 
"sticky"; top: string; }; 
initial: { opacity: 
number; y: number; }; 
whileInView: { opacity: 
number; y: number; }; 
viewport: { once: 
boolean; margin: "-80px"; 
}; transition: { ...; }; 
}' is not assignable to 
type 'Omit<HTMLMotionProps
<"div">, "ref">'.
  Types of property 
'transition' are 
incompatible.
    Type '{ duration: 
number; ease: number[]; 
}' is not assignable to 
type 'Transition<any> | 
undefined'.
      Type '{ duration: 
number; ease: number[]; 
}' is not assignable to 
type 'TransitionWithValueO
verrides<any>'.
        Type '{ duration: 
number; ease: number[]; 
}' is not assignable to 
type 'ValueAnimationTransi
tion<any>'.
          Types of 
property 'ease' are 
incompatible.
            Type 
'number[]' is not 
assignable to type 
'Easing | Easing[] | 
undefined'.
              Type 
'number[]' is not 
assignable to type 
'EasingFunction | 
Easing[]'.
                Type 
'number[]' is not 
assignable to type 
'Easing[]'.
                  Type 
'number' is not 
assignable to type 
'Easing'.

  [90m59 |[0m       >
  [90m60 |[0m         
{[90m/* Left Column ΓÇö 
Sticky text */[0m}
[31m[1m>[0m [90m61 
|[0m         <motion.div
  [90m   |[0m          
[31m[1m^[0m
  [90m62 |[0m           
{...[33mREVEAL[0m}
  [90m63 |[0m           
style={{
  [90m64 |[0m           
  position: 
[32m'sticky'[0m,
Next.js build worker 
exited with code: 1 and 
signal: null
